// Vitest Snapshot v1, https://vitest.dev/guide/snapshot.html

exports[`Button Component > default snapshot 1`] = `
<div>
  <button
    type="button"
  >
    <div>
      hello
    </div>
  </button>
</div>
`;
